GNU gdb (Ubuntu 8.1.1-0ubuntu1) 8.1.1
Copyright (C) 2018 Free Software Foundation, Inc.
License GPLv3+: GNU GPL version 3 or later <http://gnu.org/licenses/gpl.html>
This is free software: you are free to change and redistribute it.
There is NO WARRANTY, to the extent permitted by law.  Type "show copying"
and "show warranty" for details.
This GDB was configured as "x86_64-linux-gnu".
Type "show configuration" for configuration details.
For bug reporting instructions, please see:
<http://www.gnu.org/software/gdb/bugs/>.
Find the GDB manual and other documentation resources online at:
<http://www.gnu.org/software/gdb/documentation/>.
For help, type "help".
Type "apropos word" to search for commands related to "word"...
Reading symbols from a.out...done.
(gdb) b main
Breakpoint 1 at 0x9c7: file p8final.c, line 66.
(gdb) r
Starting program: /home/runner/Test3Session2/a.out 
warning: Error disabling address space randomization: Operation not permitted

Breakpoint 1, main () at p8final.c:66
66  {
(gdb) n
68    printf("enter the no. of fractions to add\n");
(gdb) n
enter the no. of fractions to add
69    scanf("%d",&n);
(gdb) n
3
70    fraction a[n],sum;
(gdb) n
71    printf("enter the %d fractions\n",n);
(gdb) n
enter the 3 fractions
72    input_n_fraction(n,a);
(gdb) n
1 2
2 3
3 4
73    sum=add_n_fractions(n,a);
(gdb) s
add_n_fractions (n=3, f=0x7fffd7e95170) at p8final.c:49
49    sum=f[0];
(gdb) n
50    for(int i=1;i<n;i++)
(gdb) n
52        sum=add_fractions(sum,f[i]);
(gdb) n
50    for(int i=1;i<n;i++)
(gdb) n
52        sum=add_fractions(sum,f[i]);
(gdb) n
50    for(int i=1;i<n;i++)
(gdb) n
54    return(sum);
(gdb) n
55  }
(gdb) n
main () at p8final.c:74
74    output(n,sum,a);
(gdb) n
1/2 + 2/3 + 3/4 = 23/12
75  }
